1
1
3
-1 1
gacor kang
deni
23/11/2023 21:52:75
1 2
gacor kang
leo
23/11/2023 21:52:75
2 3
gacor kang
yudi
23/11/2023 21:52:75
