2
asep 1
gacorz
23/11/2023 21:52:75
deni 2
nigger hitam
23/11/2023 21:52:75
ini draft, semoga gacor kang
23/11/2023 21:52:75
